#
# There is insufficient memory for the Java Runtime Environment to continue.
# Native memory allocation (mmap) failed to map 264241152 bytes for G1 virtual space
# Possible reasons:
#   The system is out of physical RAM or swap space
#   The process is running with CompressedOops enabled, and the Java Heap may be blocking the growth of the native heap
# Possible solutions:
#   Reduce memory load on the system
#   Increase physical memory or swap space
#   Check if swap backing store is full
#   Decrease Java heap size (-Xmx/-Xms)
#   Decrease number of Java threads
#   Decrease Java thread stack sizes (-Xss)
#   Set larger code cache with -XX:ReservedCodeCacheSize=
#   JVM is running with Zero Based Compressed Oops mode in which the Java heap is
#     placed in the first 32GB address space. The Java Heap base address is the
#     maximum limit for the native heap growth. Please use -XX:HeapBaseMinAddress
#     to set the Java Heap base and to place the Java Heap above 32GB virtual address.
# This output file may be truncated or incomplete.
#
#  Out of Memory Error (os_windows.cpp:3548), pid=21716, tid=44240
#
# JRE version:  (17.0.11+7) (build )
# Java VM: Java HotSpot(TM) 64-Bit Server VM (17.0.11+7-LTS-207, mixed mode, sharing, tiered, compressed oops, compressed class ptrs, g1 gc, windows-amd64)
# No core dump will be written. Minidumps are not enabled by default on client versions of Windows
#

---------------  S U M M A R Y ------------

Command Line: -Dclassworlds.conf=C:\Program Files\apache-maven-3.9.9\bin\m2.conf -Dmaven.home=C:\Program Files\apache-maven-3.9.9 -Dlibrary.jansi.path=C:\Program Files\apache-maven-3.9.9\lib\jansi-native -Dmaven.multiModuleProjectDirectory=C:\projects\gcul\apps\services\parametric-claim-service org.codehaus.plexus.classworlds.launcher.Launcher -q compile -DskipTests

Host: 12th Gen Intel(R) Core(TM) i5-1235U, 12 cores, 15G,  Windows 11 , 64 bit Build 26100 (10.0.26100.8875)
Time: Mon Jul 27 00:38:46 2026 India Standard Time elapsed time: 2.029886 seconds (0d 0h 0m 2s)

---------------  T H R E A D  ---------------

Current thread (0x000001bb85869860):  JavaThread "Unknown thread" [_thread_in_vm, id=44240, stack(0x0000001f2f600000,0x0000001f2f700000)]

Stack: [0x0000001f2f600000,0x0000001f2f700000]
Native frames: (J=compiled Java code, j=interpreted, Vv=VM code, C=native code)
V  [jvm.dll+0x679cca]
V  [jvm.dll+0x7da13d]
V  [jvm.dll+0x7dba83]
V  [jvm.dll+0x7dc0f3]
V  [jvm.dll+0x2449af]
V  [jvm.dll+0x676ce9]
V  [jvm.dll+0x66b852]
V  [jvm.dll+0x3018d6]
V  [jvm.dll+0x308e76]
V  [jvm.dll+0x3596ee]
V  [jvm.dll+0x35991f]
V  [jvm.dll+0x2d89a8]
V  [jvm.dll+0x2d9914]
V  [jvm.dll+0x7ac6b1]
V  [jvm.dll+0x366f61]
V  [jvm.dll+0x78b609]
V  [jvm.dll+0x3ec22f]
V  [jvm.dll+0x3ede61]
C  [jli.dll+0x5297]
C  [ucrtbase.dll+0x2cd30]
C  [KERNEL32.DLL+0x2e957]
C  [ntdll.dll+0xaad6c]


---------------  P R O C E S S  ---------------

Threads class SMR info:
_java_thread_list=0x00007ffd3bfb7a18, length=0, elements={
}

Java Threads: ( => current thread )

Other Threads:
  0x000001bb858d62d0 GCTaskThread "GC Thread#0" [stack: 0x0000001f2f700000,0x0000001f2f800000] [id=37840]
  0x000001bb858e6b40 ConcurrentGCThread "G1 Main Marker" [stack: 0x0000001f2f800000,0x0000001f2f900000] [id=40796]
  0x000001bb858e9380 ConcurrentGCThread "G1 Conc#0" [stack: 0x0000001f2f900000,0x0000001f2fa00000] [id=12260]

[error occurred during error reporting (printing all threads), id 0xc0000005, EXCEPTION_ACCESS_VIOLATION (0xc0000005) at pc=0x00007ffd3b7e9497]

VM state: not at safepoint (not fully initialized)

VM Mutex/Monitor currently owned by a thread:  ([mutex/lock_event])
[0x000001bb85865030] Heap_lock - owner thread: 0x000001bb85869860

Heap address: 0x0000000704e00000, size: 4018 MB, Compressed Oops mode: Zero based, Oop shift amount: 3

CDS archive(s) mapped at: [0x0000000000000000-0x0000000000000000-0x0000000000000000), size 0, SharedBaseAddress: 0x0000000800000000, ArchiveRelocationMode: 1.
Narrow klass base: 0x0000000000000000, Narrow klass shift: 0, Narrow klass range: 0x0

GC Precious Log:
<Empty>

Heap:
 garbage-first heap   total 0K, used 0K [0x0000000704e00000, 0x0000000800000000)
  region size 2048K, 0 young (0K), 0 survivors (0K)

[error occurred during error reporting (printing heap information), id 0xc0000005, EXCEPTION_ACCESS_VIOLATION (0xc0000005) at pc=0x00007ffd3bbd3559]

GC Heap History (0 events):
No events

Deoptimization events (0 events):
No events

Classes unloaded (0 events):
No events

Classes redefined (0 events):
No events

Internal exceptions (0 events):
No events

VM Operations (0 events):
No events

Events (1 events):
Event: 0.014 Loaded shared library C:\Program Files\Java\jdk-17\bin\java.dll


Dynamic libraries:
0x00007ff63ed00000 - 0x00007ff63ed10000 	C:\Program Files\Java\jdk-17\bin\java.exe
0x00007ffdd3300000 - 0x00007ffdd3566000 	C:\WINDOWS\SYSTEM32\ntdll.dll
0x00007ffdd1f80000 - 0x00007ffdd2049000 	C:\WINDOWS\System32\KERNEL32.DLL
0x00007ffdd0660000 - 0x00007ffdd0a5e000 	C:\WINDOWS\System32\KERNELBASE.dll
0x00007ffdd0ed0000 - 0x00007ffdd101c000 	C:\WINDOWS\System32\ucrtbase.dll
0x00007ffdbed80000 - 0x00007ffdbed9b000 	C:\Program Files\Java\jdk-17\bin\VCRUNTIME140.dll
0x00007ffdbeca0000 - 0x00007ffdbecb9000 	C:\Program Files\Java\jdk-17\bin\jli.dll
0x00007ffdd1af0000 - 0x00007ffdd1ba7000 	C:\WINDOWS\System32\ADVAPI32.dll
0x00007ffdd1960000 - 0x00007ffdd1a09000 	C:\WINDOWS\System32\msvcrt.dll
0x00007ffdd1c70000 - 0x00007ffdd1d1a000 	C:\WINDOWS\System32\sechost.dll
0x00007ffdd2050000 - 0x00007ffdd2168000 	C:\WINDOWS\System32\RPCRT4.dll
0x00007ffdd1790000 - 0x00007ffdd1957000 	C:\WINDOWS\System32\USER32.dll
0x00007ffdbc700000 - 0x00007ffdbc992000 	C:\WINDOWS\WinSxS\amd64_microsoft.windows.common-controls_6595b64144ccf1df_6.0.26100.8875_none_3e0d5d42e32fe9dd\COMCTL32.dll
0x00007ffdd0b30000 - 0x00007ffdd0b57000 	C:\WINDOWS\System32\win32u.dll
0x00007ffdd2170000 - 0x00007ffdd219b000 	C:\WINDOWS\System32\GDI32.dll
0x00007ffdd0c20000 - 0x00007ffdd0d4a000 	C:\WINDOWS\System32\gdi32full.dll
0x00007ffdd05b0000 - 0x00007ffdd0653000 	C:\WINDOWS\System32\msvcp_win.dll
0x00007ffdb45a0000 - 0x00007ffdb45ab000 	C:\WINDOWS\SYSTEM32\VERSION.dll
0x00007ffdd1ed0000 - 0x00007ffdd1f02000 	C:\WINDOWS\System32\IMM32.DLL
0x00007ffdbfc60000 - 0x00007ffdbfc6c000 	C:\Program Files\Java\jdk-17\bin\vcruntime140_1.dll
0x00007ffdad9a0000 - 0x00007ffdada2e000 	C:\Program Files\Java\jdk-17\bin\msvcp140.dll
0x00007ffd3b500000 - 0x00007ffd3c0e0000 	C:\Program Files\Java\jdk-17\bin\server\jvm.dll
0x00007ffdd1ec0000 - 0x00007ffdd1ec8000 	C:\WINDOWS\System32\PSAPI.DLL
0x00007ffdc8530000 - 0x00007ffdc8566000 	C:\WINDOWS\SYSTEM32\WINMM.dll
0x00007ffdbc570000 - 0x00007ffdbc57a000 	C:\WINDOWS\SYSTEM32\WSOCK32.dll
0x00007ffdd2950000 - 0x00007ffdd29d0000 	C:\WINDOWS\System32\WS2_32.dll
0x00007ffdcf1e0000 - 0x00007ffdcf1fb000 	C:\WINDOWS\SYSTEM32\kernel.appcore.dll
0x00007ffdbebc0000 - 0x00007ffdbebca000 	C:\Program Files\Java\jdk-17\bin\jimage.dll
0x00007ffdcdba0000 - 0x00007ffdcdde2000 	C:\WINDOWS\SYSTEM32\DBGHELP.DLL
0x00007ffdd1390000 - 0x00007ffdd1713000 	C:\WINDOWS\System32\combase.dll
0x00007ffdd1a10000 - 0x00007ffdd1ae9000 	C:\WINDOWS\System32\OLEAUT32.dll
0x00007ffdbe580000 - 0x00007ffdbe5bb000 	C:\WINDOWS\SYSTEM32\dbgcore.DLL
0x00007ffdd0b60000 - 0x00007ffdd0c0c000 	C:\WINDOWS\System32\bcryptPrimitives.dll
0x00007ffdbde10000 - 0x00007ffdbde35000 	C:\Program Files\Java\jdk-17\bin\java.dll

dbghelp: loaded successfully - version: 4.0.5 - missing functions: none
symbol engine: initialized successfully - sym options: 0x614 - pdb path: .;C:\Program Files\Java\jdk-17\bin;C:\WINDOWS\SYSTEM32;C:\WINDOWS\WinSxS\amd64_microsoft.windows.common-controls_6595b64144ccf1df_6.0.26100.8875_none_3e0d5d42e32fe9dd;C:\Program Files\Java\jdk-17\bin\server

VM Arguments:
jvm_args: -Dclassworlds.conf=C:\Program Files\apache-maven-3.9.9\bin\m2.conf -Dmaven.home=C:\Program Files\apache-maven-3.9.9 -Dlibrary.jansi.path=C:\Program Files\apache-maven-3.9.9\lib\jansi-native -Dmaven.multiModuleProjectDirectory=C:\projects\gcul\apps\services\parametric-claim-service 
java_command: org.codehaus.plexus.classworlds.launcher.Launcher -q compile -DskipTests
java_class_path (initial): C:\Program Files\apache-maven-3.9.9\boot\plexus-classworlds-2.8.0.jar
Launcher Type: SUN_STANDARD

[Global flags]
     intx CICompilerCount                          = 4                                         {product} {ergonomic}
     uint ConcGCThreads                            = 3                                         {product} {ergonomic}
     uint G1ConcRefinementThreads                  = 10                                        {product} {ergonomic}
   size_t G1HeapRegionSize                         = 2097152                                   {product} {ergonomic}
    uintx GCDrainStackTargetSize                   = 64                                        {product} {ergonomic}
   size_t InitialHeapSize                          = 264241152                                 {product} {ergonomic}
   size_t MarkStackSize                            = 4194304                                   {product} {ergonomic}
   size_t MaxHeapSize                              = 4213178368                                {product} {ergonomic}
   size_t MinHeapDeltaBytes                        = 2097152                                   {product} {ergonomic}
   size_t MinHeapSize                              = 8388608                                   {product} {ergonomic}
    uintx NonNMethodCodeHeapSize                   = 5839372                                {pd product} {ergonomic}
    uintx NonProfiledCodeHeapSize                  = 122909434                              {pd product} {ergonomic}
    uintx ProfiledCodeHeapSize                     = 122909434                              {pd product} {ergonomic}
    uintx ReservedCodeCacheSize                    = 251658240                              {pd product} {ergonomic}
     bool SegmentedCodeCache                       = true                                      {product} {ergonomic}
   size_t SoftMaxHeapSize                          = 4213178368                             {manageable} {ergonomic}
     bool UseCompressedClassPointers               = true                           {product lp64_product} {ergonomic}
     bool UseCompressedOops                        = true                           {product lp64_product} {ergonomic}
     bool UseG1GC                                  = true                                      {product} {ergonomic}
     bool UseLargePagesIndividualAllocation        = false                                  {pd product} {ergonomic}

Logging:
Log output configuration:
 #0: stdout all=warning uptime,level,tags
 #1: stderr all=off uptime,level,tags

Environment Variables:
JAVA_HOME=C:\Program Files\Java\jdk-17
PATH=c:\Users\satya\cursor\resources\app\node_modules\@vscode\ripgrep\bin;C:\Program Files\apache-maven-3.9.9\bin;C:\WINDOWS\system32;C:\WINDOWS;C:\WINDOWS\System32\Wbem;C:\WINDOWS\System32\WindowsPowerShell\v1.0\;C:\WINDOWS\System32\OpenSSH\;C:\Program Files\dotnet\;C:\Program Files\Docker\Docker\resources\bin;C:\Program Files\Git\cmd;C:\Program Files\Java\jdk-17\bin;C:\Program Files\nodejs\;C:\Users\satya\AppData\Local\Programs\Python\Python314\Scripts\;C:\Users\satya\AppData\Local\Programs\Python\Python314\;C:\Users\satya\AppData\Local\Programs\Python\Launcher\;C:\Program Files\apache-maven-3.9.9\bin;C:\WINDOWS\system32;C:\WINDOWS;C:\WINDOWS\System32\Wbem;C:\WINDOWS\System32\WindowsPowerShell\v1.0\;C:\WINDOWS\System32\OpenSSH\;C:\Program Files\dotnet\;C:\Program Files\Docker\Docker\resources\bin;C:\Program Files\Git\cmd;C:\Program Files\Java\jdk-17\bin;C:\Program Files\nodejs\;C:\Program Files\MySQL\MySQL Shell 8.0\bin\;C:\Users\satya\AppData\Local\Microsoft\WindowsApps;C:\dapr;C:\Users\satya\.dapr\bin;C:\Program Files\JetBrains\IntelliJ IDEA Community Edition 2024.3.1\bin;C:\Users\satya\AppData\Local\Microsoft\WindowsApps;C:\Users\satya\AppData\Local\Google\Cloud SDK\google-cloud-sdk\bin;C:\Users\satya\AppData\Roaming\npm;C:\Users\satya\.local\bin;C:\Users\satya\AppData\Local\Python\bin;C:\Users\satya\AppData\Local\Programs\Microsoft VS Code\bin;C:\Users\satya\cursor\resources\app\bin
USERNAME=satya
OS=Windows_NT
PROCESSOR_IDENTIFIER=Intel64 Family 6 Model 154 Stepping 4, GenuineIntel



---------------  S Y S T E M  ---------------

OS:
 Windows 11 , 64 bit Build 26100 (10.0.26100.8875)
OS uptime: 7 days 8:47 hours
Hyper-V role detected

CPU: total 12 (initial active 12) (6 cores per cpu, 2 threads per core) family 6 model 154 stepping 4 microcode 0x435, cx8, cmov, fxsr, ht, mmx, 3dnowpref, sse, sse2, sse3, ssse3, sse4.1, sse4.2, popcnt, lzcnt, tsc, tscinvbit, avx, avx2, aes, erms, clmul, bmi1, bmi2, adx, sha, fma, vzeroupper, clflush, clflushopt, clwb, hv

Memory: 4k page, system-wide physical 16068M (692M free)
TotalPageFile size 65220M (AvailPageFile size 17M)
current process WorkingSet (physical memory assigned to process): 12M, peak: 12M
current process commit charge ("private bytes"): 64M, peak: 316M

vm_info: Java HotSpot(TM) 64-Bit Server VM (17.0.11+7-LTS-207) for windows-amd64 JRE (17.0.11+7-LTS-207), built on Mar 11 2024 19:01:50 by "mach5one" with MS VC++ 17.6 (VS2022)

END.
